// Jest Snapshot v1, https://goo.gl/fbAQLP

exports[`Login should mount 1`] = `ReactWrapper {}`;

exports[`Login should render  1`] = `ShallowWrapper {}`;

exports[`Login should render 1`] = `
initialize {
  "0": Object {
    "attribs": Object {},
    "children": Array [
      Object {
        "data": "This is div",
        "next": Object {
          "attribs": Object {
            "class": "sc-bdVaJa jtOXgR",
          },
          "children": Array [
            Object {
              "data": "This is Div with styled",
              "next": null,
              "parent": [Circular],
              "prev": null,
              "type": "text",
            },
          ],
          "name": "div",
          "namespace": "http://www.w3.org/1999/xhtml",
          "next": Object {
            "attribs": Object {
              "class": "sc-bdVaJa sc-bwzfXH ugvnr",
            },
            "children": Array [
              Object {
                "data": "This is Extra Div styled",
                "next": null,
                "parent": [Circular],
                "prev": null,
                "type": "text",
              },
            ],
            "name": "div",
            "namespace": "http://www.w3.org/1999/xhtml",
            "next": null,
            "parent": [Circular],
            "prev": [Circular],
            "type": "tag",
            "x-attribsNamespace": Object {
              "class": undefined,
            },
            "x-attribsPrefix": Object {
              "class": undefined,
            },
          },
          "parent": [Circular],
          "prev": [Circular],
          "type": "tag",
          "x-attribsNamespace": Object {
            "class": undefined,
          },
          "x-attribsPrefix": Object {
            "class": undefined,
          },
        },
        "parent": [Circular],
        "prev": null,
        "type": "text",
      },
      Object {
        "attribs": Object {
          "class": "sc-bdVaJa jtOXgR",
        },
        "children": Array [
          Object {
            "data": "This is Div with styled",
            "next": null,
            "parent": [Circular],
            "prev": null,
            "type": "text",
          },
        ],
        "name": "div",
        "namespace": "http://www.w3.org/1999/xhtml",
        "next": Object {
          "attribs": Object {
            "class": "sc-bdVaJa sc-bwzfXH ugvnr",
          },
          "children": Array [
            Object {
              "data": "This is Extra Div styled",
              "next": null,
              "parent": [Circular],
              "prev": null,
              "type": "text",
            },
          ],
          "name": "div",
          "namespace": "http://www.w3.org/1999/xhtml",
          "next": null,
          "parent": [Circular],
          "prev": [Circular],
          "type": "tag",
          "x-attribsNamespace": Object {
            "class": undefined,
          },
          "x-attribsPrefix": Object {
            "class": undefined,
          },
        },
        "parent": [Circular],
        "prev": Object {
          "data": "This is div",
          "next": [Circular],
          "parent": [Circular],
          "prev": null,
          "type": "text",
        },
        "type": "tag",
        "x-attribsNamespace": Object {
          "class": undefined,
        },
        "x-attribsPrefix": Object {
          "class": undefined,
        },
      },
      Object {
        "attribs": Object {
          "class": "sc-bdVaJa sc-bwzfXH ugvnr",
        },
        "children": Array [
          Object {
            "data": "This is Extra Div styled",
            "next": null,
            "parent": [Circular],
            "prev": null,
            "type": "text",
          },
        ],
        "name": "div",
        "namespace": "http://www.w3.org/1999/xhtml",
        "next": null,
        "parent": [Circular],
        "prev": Object {
          "attribs": Object {
            "class": "sc-bdVaJa jtOXgR",
          },
          "children": Array [
            Object {
              "data": "This is Div with styled",
              "next": null,
              "parent": [Circular],
              "prev": null,
              "type": "text",
            },
          ],
          "name": "div",
          "namespace": "http://www.w3.org/1999/xhtml",
          "next": [Circular],
          "parent": [Circular],
          "prev": Object {
            "data": "This is div",
            "next": [Circular],
            "parent": [Circular],
            "prev": null,
            "type": "text",
          },
          "type": "tag",
          "x-attribsNamespace": Object {
            "class": undefined,
          },
          "x-attribsPrefix": Object {
            "class": undefined,
          },
        },
        "type": "tag",
        "x-attribsNamespace": Object {
          "class": undefined,
        },
        "x-attribsPrefix": Object {
          "class": undefined,
        },
      },
    ],
    "name": "div",
    "namespace": "http://www.w3.org/1999/xhtml",
    "next": null,
    "parent": null,
    "prev": null,
    "root": Object {
      "attribs": Object {},
      "children": Array [
        [Circular],
      ],
      "name": "root",
      "namespace": "http://www.w3.org/1999/xhtml",
      "next": null,
      "parent": null,
      "prev": null,
      "type": "root",
      "x-attribsNamespace": Object {},
      "x-attribsPrefix": Object {},
    },
    "type": "tag",
    "x-attribsNamespace": Object {},
    "x-attribsPrefix": Object {},
  },
  "_root": [Circular],
  "length": 1,
  "options": Object {
    "decodeEntities": true,
    "normalizeWhitespace": false,
    "withDomLvl1": true,
    "xml": false,
  },
}
`;
